This is XeTeX, Version 3.141592653-2.6-0.999998 (MiKTeX 26.5) (preloaded format=xelatex 2026.8.23)  23 AUG 2026 16:48
entering extended mode
 restricted \write18 enabled.
 %&-line parsing enabled.
**\PassOptionsToPackage{fontset=windowsnew}{ctex}\input{p1.tex}
(p1.tex
(C:\Users\zarif\AppData\Local\Programs\MiKTeX\tex/latex/beamer\beamer.cls
Document Class: beamer 2026/01/22 v3.77 A class for typesetting presentations

(C:\Users\zarif\AppData\Local\Programs\MiKTeX\tex/latex/beamer\beamerbasemodes.
sty
(C:\Users\zarif\AppData\Local\Programs\MiKTeX\tex/latex/etoolbox\etoolbox.sty
Package: etoolbox 2025/10/02 v2.5m e-TeX tools for LaTeX (JAW)
\etb@tempcnta=\count273
)
\beamer@tempbox=\box53
\beamer@tempcount=\count274
\c@beamerpauses=\count275

(C:\Users\zarif\AppData\Local\Programs\MiKTeX\tex/latex/beamer\beamerbasedecode
.sty
\beamer@slideinframe=\count276
\beamer@minimum=\count277
\beamer@decode@box=\box54
)
\beamer@commentbox=\box55
\beamer@modecount=\count278
)
(C:\Users\zarif\AppData\Local\Programs\MiKTeX\tex/generic/iftex\iftex.sty
Package: iftex 2024/12/12 v1.0g TeX engine tests
)
\headdp=\dimen150
\footheight=\dimen151
\sidebarheight=\dimen152
\beamer@tempdim=\dimen153
\beamer@finalheight=\dimen154
\beamer@animht=\dimen155
\beamer@animdp=\dimen156
\beamer@animwd=\dimen157
\beamer@leftmargin=\dimen158
\beamer@rightmargin=\dimen159
\beamer@leftsidebar=\dimen160
\beamer@rightsidebar=\dimen161
\beamer@boxsize=\dimen162
\beamer@vboxoffset=\dimen163
\beamer@descdefault=\dimen164
\beamer@descriptionwidth=\dimen165
\beamer@lastskip=\skip49
\beamer@areabox=\box56
\beamer@animcurrent=\box57
\beamer@animshowbox=\box58
\beamer@sectionbox=\box59
\beamer@logobox=\box60
\beamer@linebox=\box61
\beamer@sectioncount=\count279
\beamer@subsubsectionmax=\count280
\beamer@subsectionmax=\count281
\beamer@sectionmax=\count282
\beamer@totalheads=\count283
\beamer@headcounter=\count284
\beamer@partstartpage=\count285
\beamer@sectionstartpage=\count286
\beamer@subsectionstartpage=\count287
\beamer@animationtempa=\count288
\beamer@animationtempb=\count289
\beamer@xpos=\count290
\beamer@ypos=\count291
\beamer@ypos@offset=\count292
\beamer@showpartnumber=\count293
\beamer@currentsubsection=\count294
\beamer@coveringdepth=\count295
\beamer@sectionadjust=\count296
\beamer@toclastsection=\count297
\beamer@tocsectionnumber=\count298

(C:\Users\zarif\AppData\Local\Programs\MiKTeX\tex/latex/beamer\beamerbaseoption
s.sty
(C:\Users\zarif\AppData\Local\Programs\MiKTeX\tex/latex/graphics\keyval.sty
Package: keyval 2026-05-17 v1.15 key=value parser (DPC)
\KV@toks@=\toks17
))
\beamer@paperwidth=\skip50
\beamer@paperheight=\skip51

(C:\Users\zarif\AppData\Local\Programs\MiKTeX\tex/latex/geometry\geometry.sty
Package: geometry 2026/03/07 v6.0 Page Geometry

(C:\Users\zarif\AppData\Local\Programs\MiKTeX\tex/generic/iftex\ifvtex.sty
Package: ifvtex 2019/10/25 v1.7 ifvtex legacy package. Use iftex instead.
)
\Gm@cnth=\count299
\Gm@cntv=\count300
\c@Gm@tempcnt=\count301
\Gm@bindingoffset=\dimen166
\Gm@wd@mp=\dimen167
\Gm@odd@mp=\dimen168
\Gm@even@mp=\dimen169
\Gm@layoutwidth=\dimen170
\Gm@layoutheight=\dimen171
\Gm@layouthoffset=\dimen172
\Gm@layoutvoffset=\dimen173
\Gm@dimlist=\toks18

(C:\Users\zarif\AppData\Local\Programs\MiKTeX\tex/latex/geometry\geometry.cfg))
(C:\Users\zarif\AppData\Local\Programs\MiKTeX\tex/latex/pgf/math\pgfmath.sty
(C:\Users\zarif\AppData\Local\Programs\MiKTeX\tex/latex/pgf/utilities\pgfrcs.st
y
(C:\Users\zarif\AppData\Local\Programs\MiKTeX\tex/generic/pgf/utilities\pgfutil
-common.tex
\pgfutil@everybye=\toks19
\pgfutil@tempdima=\dimen174
\pgfutil@tempdimb=\dimen175
)
(C:\Users\zarif\AppData\Local\Programs\MiKTeX\tex/generic/pgf/utilities\pgfutil
-latex.def
\pgfutil@abb=\box62
)
(C:\Users\zarif\AppData\Local\Programs\MiKTeX\tex/generic/pgf/utilities\pgfrcs.
code.tex
(C:\Users\zarif\AppData\Local\Programs\MiKTeX\tex/generic/pgf\pgf.revision.tex)
Package: pgfrcs 2026-08-01 v3.1.12 (3.1.12)
))
(C:\Users\zarif\AppData\Local\Programs\MiKTeX\tex/latex/pgf/utilities\pgfkeys.s
ty
(C:\Users\zarif\AppData\Local\Programs\MiKTeX\tex/generic/pgf/utilities\pgfkeys
.code.tex
\pgfkeys@pathtoks=\toks20
\pgfkeys@temptoks=\toks21

(C:\Users\zarif\AppData\Local\Programs\MiKTeX\tex/generic/pgf/utilities\pgfkeys
libraryfiltered.code.tex
\pgfkeys@tmptoks=\toks22
)))
(C:\Users\zarif\AppData\Local\Programs\MiKTeX\tex/generic/pgf/math\pgfmath.code
.tex
(C:\Users\zarif\AppData\Local\Programs\MiKTeX\tex/generic/pgf/math\pgfmathutil.
code.tex
\pgf@x=\dimen176
\pgf@xa=\dimen177
\pgf@xb=\dimen178
\pgf@xc=\dimen179
\pgf@y=\dimen180
\pgf@ya=\dimen181
\pgf@yb=\dimen182
\pgf@yc=\dimen183
\c@pgf@counta=\count302
\c@pgf@countb=\count303
\c@pgf@countc=\count304
\c@pgf@countd=\count305
)
(C:\Users\zarif\AppData\Local\Programs\MiKTeX\tex/generic/pgf/math\pgfmathparse
r.code.tex
\pgfmath@dimen=\dimen184
\pgfmath@count=\count306
\pgfmath@box=\box63
\pgfmath@toks=\toks23
\pgfmath@stack@operand=\toks24
\pgfmath@stack@operation=\toks25
)
(C:\Users\zarif\AppData\Local\Programs\MiKTeX\tex/generic/pgf/math\pgfmathfunct
ions.code.tex)
(C:\Users\zarif\AppData\Local\Programs\MiKTeX\tex/generic/pgf/math\pgfmathfunct
ions.basic.code.tex)
(C:\Users\zarif\AppData\Local\Programs\MiKTeX\tex/generic/pgf/math\pgfmathfunct
ions.trigonometric.code.tex)
(C:\Users\zarif\AppData\Local\Programs\MiKTeX\tex/generic/pgf/math\pgfmathfunct
ions.random.code.tex)
(C:\Users\zarif\AppData\Local\Programs\MiKTeX\tex/generic/pgf/math\pgfmathfunct
ions.comparison.code.tex)
(C:\Users\zarif\AppData\Local\Programs\MiKTeX\tex/generic/pgf/math\pgfmathfunct
ions.base.code.tex)
(C:\Users\zarif\AppData\Local\Programs\MiKTeX\tex/generic/pgf/math\pgfmathfunct
ions.round.code.tex)
(C:\Users\zarif\AppData\Local\Programs\MiKTeX\tex/generic/pgf/math\pgfmathfunct
ions.misc.code.tex)
(C:\Users\zarif\AppData\Local\Programs\MiKTeX\tex/generic/pgf/math\pgfmathfunct
ions.integerarithmetics.code.tex)
(C:\Users\zarif\AppData\Local\Programs\MiKTeX\tex/generic/pgf/math\pgfmathcalc.
code.tex)
(C:\Users\zarif\AppData\Local\Programs\MiKTeX\tex/generic/pgf/math\pgfmathfloat
.code.tex
\c@pgfmathroundto@lastzeros=\count307
)))
(C:\Users\zarif\AppData\Local\Programs\MiKTeX\tex/latex/base\size11.clo
File: size11.clo 2025/01/22 v1.4n Standard LaTeX file (size option)
)
(C:\Users\zarif\AppData\Local\Programs\MiKTeX\tex/latex/pgf/basiclayer\pgfcore.
sty
(C:\Users\zarif\AppData\Local\Programs\MiKTeX\tex/latex/graphics\graphicx.sty
Package: graphicx 2026-05-17 v1.2e Enhanced LaTeX Graphics (DPC,SPQR)

(C:\Users\zarif\AppData\Local\Programs\MiKTeX\tex/latex/graphics\graphics.sty
Package: graphics 2026-05-17 v1.4h Standard LaTeX Graphics (DPC,SPQR)

(C:\Users\zarif\AppData\Local\Programs\MiKTeX\tex/latex/graphics\trig.sty
Package: trig 2023/12/02 v1.11 sin cos tan (DPC)
)
(C:\Users\zarif\AppData\Local\Programs\MiKTeX\tex/latex/graphics-cfg\graphics.c
fg
File: graphics.cfg 2016/06/04 v1.11 sample graphics configuration
)
Package graphics Info: Driver file: xetex.def on input line 106.

(C:\Users\zarif\AppData\Local\Programs\MiKTeX\tex/latex/graphics-def\xetex.def
File: xetex.def 2025/11/01 v5.0p Graphics/color driver for xetex
))
\Gin@req@height=\dimen185
\Gin@req@width=\dimen186
)
(C:\Users\zarif\AppData\Local\Programs\MiKTeX\tex/latex/pgf/systemlayer\pgfsys.
sty
(C:\Users\zarif\AppData\Local\Programs\MiKTeX\tex/generic/pgf/systemlayer\pgfsy
s.code.tex
Package: pgfsys 2026-08-01 v3.1.12 (3.1.12)
\pgf@x=\dimen187
\pgf@y=\dimen188
\pgf@xa=\dimen189
\pgf@ya=\dimen190
\pgf@xb=\dimen191
\pgf@yb=\dimen192
\pgf@xc=\dimen193
\pgf@yc=\dimen194
\pgf@xd=\dimen195
\pgf@yd=\dimen196
\w@pgf@writea=\write3
\r@pgf@reada=\read2
\c@pgf@counta=\count308
\c@pgf@countb=\count309
\c@pgf@countc=\count310
\c@pgf@countd=\count311
\t@pgf@toka=\toks26
\t@pgf@tokb=\toks27
\t@pgf@tokc=\toks28
\pgf@sys@id@count=\count312

(C:\Users\zarif\AppData\Local\Programs\MiKTeX\tex/generic/pgf/systemlayer\pgf.c
fg
File: pgf.cfg 2026-08-01 v3.1.12 (3.1.12)
)
Driver file for pgf: pgfsys-xetex.def

(C:\Users\zarif\AppData\Local\Programs\MiKTeX\tex/generic/pgf/systemlayer\pgfsy
s-xetex.def
File: pgfsys-xetex.def 2026-08-01 v3.1.12 (3.1.12)

(C:\Users\zarif\AppData\Local\Programs\MiKTeX\tex/generic/pgf/systemlayer\pgfsy
s-dvipdfmx.def
File: pgfsys-dvipdfmx.def 2026-08-01 v3.1.12 (3.1.12)

(C:\Users\zarif\AppData\Local\Programs\MiKTeX\tex/generic/pgf/systemlayer\pgfsy
s-common-pdf.def
File: pgfsys-common-pdf.def 2026-08-01 v3.1.12 (3.1.12)
)
\pgfsys@objnum=\count313
)))
(C:\Users\zarif\AppData\Local\Programs\MiKTeX\tex/generic/pgf/systemlayer\pgfsy
ssoftpath.code.tex
File: pgfsyssoftpath.code.tex 2026-08-01 v3.1.12 (3.1.12)
\pgfsyssoftpath@smallbuffer@items=\count314
\pgfsyssoftpath@bigbuffer@items=\count315
)
(C:\Users\zarif\AppData\Local\Programs\MiKTeX\tex/generic/pgf/systemlayer\pgfsy
sprotocol.code.tex
File: pgfsysprotocol.code.tex 2026-08-01 v3.1.12 (3.1.12)
))
(C:\Users\zarif\AppData\Local\Programs\MiKTeX\tex/latex/xcolor\xcolor.sty
Package: xcolor 2024/09/29 v3.02 LaTeX color extensions (UK)

(C:\Users\zarif\AppData\Local\Programs\MiKTeX\tex/latex/graphics-cfg\color.cfg
File: color.cfg 2016/01/02 v1.6 sample color configuration
)
Package xcolor Info: Driver file: xetex.def on input line 274.
(C:\Users\zarif\AppData\Local\Programs\MiKTeX\tex/latex/graphics\mathcolor.ltx)
Package xcolor Info: Model `cmy' substituted by `cmy0' on input line 1349.
Package xcolor Info: Model `RGB' extended on input line 1365.
Package xcolor Info: Model `HTML' substituted by `rgb' on input line 1367.
Package xcolor Info: Model `Hsb' substituted by `hsb' on input line 1368.
Package xcolor Info: Model `tHsb' substituted by `hsb' on input line 1369.
Package xcolor Info: Model `HSB' substituted by `hsb' on input line 1370.
Package xcolor Info: Model `Gray' substituted by `gray' on input line 1371.
Package xcolor Info: Model `wave' substituted by `hsb' on input line 1372.
)
(C:\Users\zarif\AppData\Local\Programs\MiKTeX\tex/generic/pgf/basiclayer\pgfcor
e.code.tex
Package: pgfcore 2026-08-01 v3.1.12 (3.1.12)

(C:\Users\zarif\AppData\Local\Programs\MiKTeX\tex/generic/pgf/math\pgfint.code.
tex)
(C:\Users\zarif\AppData\Local\Programs\MiKTeX\tex/generic/pgf/basiclayer\pgfcor
epoints.code.tex
File: pgfcorepoints.code.tex 2026-08-01 v3.1.12 (3.1.12)
\pgf@picminx=\dimen197
\pgf@picmaxx=\dimen198
\pgf@picminy=\dimen199
\pgf@picmaxy=\dimen256
\pgf@pathminx=\dimen257
\pgf@pathmaxx=\dimen258
\pgf@pathminy=\dimen259
\pgf@pathmaxy=\dimen260
\pgf@xx=\dimen261
\pgf@xy=\dimen262
\pgf@yx=\dimen263
\pgf@yy=\dimen264
\pgf@zx=\dimen265
\pgf@zy=\dimen266
)
(C:\Users\zarif\AppData\Local\Programs\MiKTeX\tex/generic/pgf/basiclayer\pgfcor
epathconstruct.code.tex
File: pgfcorepathconstruct.code.tex 2026-08-01 v3.1.12 (3.1.12)
\pgf@path@lastx=\dimen267
\pgf@path@lasty=\dimen268
)
(C:\Users\zarif\AppData\Local\Programs\MiKTeX\tex/generic/pgf/basiclayer\pgfcor
epathusage.code.tex
File: pgfcorepathusage.code.tex 2026-08-01 v3.1.12 (3.1.12)
\pgf@shorten@end@additional=\dimen269
\pgf@shorten@start@additional=\dimen270
)
(C:\Users\zarif\AppData\Local\Programs\MiKTeX\tex/generic/pgf/basiclayer\pgfcor
escopes.code.tex
File: pgfcorescopes.code.tex 2026-08-01 v3.1.12 (3.1.12)
\pgfpic=\box64
\pgf@hbox=\box65
\pgf@layerbox@main=\box66
\pgf@picture@serial@count=\count316
)
(C:\Users\zarif\AppData\Local\Programs\MiKTeX\tex/generic/pgf/basiclayer\pgfcor
egraphicstate.code.tex
File: pgfcoregraphicstate.code.tex 2026-08-01 v3.1.12 (3.1.12)
\pgflinewidth=\dimen271
)
(C:\Users\zarif\AppData\Local\Programs\MiKTeX\tex/generic/pgf/basiclayer\pgfcor
etransformations.code.tex
File: pgfcoretransformations.code.tex 2026-08-01 v3.1.12 (3.1.12)
\pgf@pt@x=\dimen272
\pgf@pt@y=\dimen273
\pgf@pt@temp=\dimen274
)
(C:\Users\zarif\AppData\Local\Programs\MiKTeX\tex/generic/pgf/basiclayer\pgfcor
equick.code.tex
File: pgfcorequick.code.tex 2026-08-01 v3.1.12 (3.1.12)
)
(C:\Users\zarif\AppData\Local\Programs\MiKTeX\tex/generic/pgf/basiclayer\pgfcor
eobjects.code.tex
File: pgfcoreobjects.code.tex 2026-08-01 v3.1.12 (3.1.12)
)
(C:\Users\zarif\AppData\Local\Programs\MiKTeX\tex/generic/pgf/basiclayer\pgfcor
epathprocessing.code.tex
File: pgfcorepathprocessing.code.tex 2026-08-01 v3.1.12 (3.1.12)
)
(C:\Users\zarif\AppData\Local\Programs\MiKTeX\tex/generic/pgf/basiclayer\pgfcor
earrows.code.tex
File: pgfcorearrows.code.tex 2026-08-01 v3.1.12 (3.1.12)
\pgfarrowsep=\dimen275
)
(C:\Users\zarif\AppData\Local\Programs\MiKTeX\tex/generic/pgf/basiclayer\pgfcor
eshade.code.tex
File: pgfcoreshade.code.tex 2026-08-01 v3.1.12 (3.1.12)
\pgf@max=\dimen276
\pgf@sys@shading@range@num=\count317
\pgf@shadingcount=\count318
)
(C:\Users\zarif\AppData\Local\Programs\MiKTeX\tex/generic/pgf/basiclayer\pgfcor
eimage.code.tex
File: pgfcoreimage.code.tex 2026-08-01 v3.1.12 (3.1.12)
)
(C:\Users\zarif\AppData\Local\Programs\MiKTeX\tex/generic/pgf/basiclayer\pgfcor
eexternal.code.tex
File: pgfcoreexternal.code.tex 2026-08-01 v3.1.12 (3.1.12)
\pgfexternal@startupbox=\box67
)
(C:\Users\zarif\AppData\Local\Programs\MiKTeX\tex/generic/pgf/basiclayer\pgfcor
elayers.code.tex
File: pgfcorelayers.code.tex 2026-08-01 v3.1.12 (3.1.12)
)
(C:\Users\zarif\AppData\Local\Programs\MiKTeX\tex/generic/pgf/basiclayer\pgfcor
etransparency.code.tex
File: pgfcoretransparency.code.tex 2026-08-01 v3.1.12 (3.1.12)
)
(C:\Users\zarif\AppData\Local\Programs\MiKTeX\tex/generic/pgf/basiclayer\pgfcor
epatterns.code.tex
File: pgfcorepatterns.code.tex 2026-08-01 v3.1.12 (3.1.12)
)
(C:\Users\zarif\AppData\Local\Programs\MiKTeX\tex/generic/pgf/basiclayer\pgfcor
erdf.code.tex
File: pgfcorerdf.code.tex 2026-08-01 v3.1.12 (3.1.12)
)))
(C:\Users\zarif\AppData\Local\Programs\MiKTeX\tex/latex/pgf/utilities\xxcolor.s
ty
Package: xxcolor 2003/10/24 ver 0.1
\XC@nummixins=\count319
\XC@countmixins=\count320
)
(C:\Users\zarif\AppData\Local\Programs\MiKTeX\tex/latex/base\atbegshi-ltx.sty
Package: atbegshi-ltx 2021/01/10 v1.0c Emulation of the original atbegshi
package with kernel methods
)
(C:\Users\zarif\AppData\Local\Programs\MiKTeX\tex/latex/hyperref\hyperref.sty
Package: hyperref 2026-06-17 v7.01r Hypertext links for LaTeX

(C:\Users\zarif\AppData\Local\Programs\MiKTeX\tex/latex/kvsetkeys\kvsetkeys.sty
Package: kvsetkeys 2022-10-05 v1.19 Key value parser (HO)
)
(C:\Users\zarif\AppData\Local\Programs\MiKTeX\tex/generic/kvdefinekeys\kvdefine
keys.sty
Package: kvdefinekeys 2019-12-19 v1.6 Define keys (HO)
)
(C:\Users\zarif\AppData\Local\Programs\MiKTeX\tex/generic/pdfescape\pdfescape.s
ty
Package: pdfescape 2019/12/09 v1.15 Implements pdfTeX's escape features (HO)

(C:\Users\zarif\AppData\Local\Programs\MiKTeX\tex/generic/ltxcmds\ltxcmds.sty
Package: ltxcmds 2023-12-04 v1.26 LaTeX kernel commands for general use (HO)
)
(C:\Users\zarif\AppData\Local\Programs\MiKTeX\tex/generic/pdftexcmds\pdftexcmds
.sty
Package: pdftexcmds 2020-06-27 v0.33 Utility functions of pdfTeX for LuaTeX (HO
)

(C:\Users\zarif\AppData\Local\Programs\MiKTeX\tex/generic/infwarerr\infwarerr.s
ty
Package: infwarerr 2019/12/03 v1.5 Providing info/warning/error messages (HO)
)
Package pdftexcmds Info: \pdf@primitive is available.
Package pdftexcmds Info: \pdf@ifprimitive is available.
Package pdftexcmds Info: \pdfdraftmode not found.
))
(C:\Users\zarif\AppData\Local\Programs\MiKTeX\tex/latex/hycolor\hycolor.sty
Package: hycolor 2020-01-27 v1.10 Color options for hyperref/bookmark (HO)
)
(C:\Users\zarif\AppData\Local\Programs\MiKTeX\tex/latex/hyperref\nameref.sty
Package: nameref 2026-01-29 v2.58 Cross-referencing by name of section

(C:\Users\zarif\AppData\Local\Programs\MiKTeX\tex/latex/refcount\refcount.sty
Package: refcount 2019/12/15 v3.6 Data extraction from label references (HO)
)
(C:\Users\zarif\AppData\Local\Programs\MiKTeX\tex/generic/gettitlestring\gettit
lestring.sty
Package: gettitlestring 2019/12/15 v1.6 Cleanup title references (HO)

(C:\Users\zarif\AppData\Local\Programs\MiKTeX\tex/latex/kvoptions\kvoptions.sty
Package: kvoptions 2022-06-15 v3.15 Key value format for package options (HO)
))
\c@section@level=\count321
)
(C:\Users\zarif\AppData\Local\Programs\MiKTeX\tex/generic/stringenc\stringenc.s
ty
Package: stringenc 2019/11/29 v1.12 Convert strings between diff. encodings (HO
)
)
\@linkdim=\dimen277
\Hy@linkcounter=\count322
\Hy@pagecounter=\count323
 (C:\Users\zarif\AppData\Local\Programs\MiKTeX\tex/latex/hyperref\pd1enc.def
File: pd1enc.def 2026-06-17 v7.01r Hyperref: PDFDocEncoding definition (HO)
) (C:\Users\zarif\AppData\Local\Programs\MiKTeX\tex/generic/intcalc\intcalc.sty
Package: intcalc 2019/12/15 v1.3 Expandable calculations with integers (HO)
)
\Hy@SavedSpaceFactor=\count324
 (C:\Users\zarif\AppData\Local\Programs\MiKTeX\tex/latex/hyperref\puenc.def
File: puenc.def 2026-06-17 v7.01r Hyperref: PDF Unicode definition (HO)
)
Package hyperref Info: Option `bookmarks' set `true' on input line 4070.
Package hyperref Info: Option `bookmarksopen' set `true' on input line 4070.
Package hyperref Info: Option `implicit' set `false' on input line 4070.
Package hyperref Info: Hyper figures OFF on input line 4199.
Package hyperref Info: Link nesting OFF on input line 4204.
Package hyperref Info: Hyper index ON on input line 4207.
Package hyperref Info: Plain pages OFF on input line 4214.
Package hyperref Info: Backreferencing OFF on input line 4219.
Package hyperref Info: Implicit mode OFF; no redefinition of LaTeX internals.
Package hyperref Info: Bookmarks ON on input line 4466.
\c@Hy@tempcnt=\count325

(C:\Users\zarif\AppData\Local\Programs\MiKTeX\tex/latex/url\url.sty
\Urlmuskip=\muskip17
Package: url 2013/09/16  ver 3.4  Verb mode for urls, etc.
)
LaTeX Info: Redefining \url on input line 4805.
\XeTeXLinkMargin=\dimen278

(C:\Users\zarif\AppData\Local\Programs\MiKTeX\tex/generic/bitset\bitset.sty
Package: bitset 2019/12/09 v1.3 Handle bit-vector datatype (HO)

(C:\Users\zarif\AppData\Local\Programs\MiKTeX\tex/generic/bigintcalc\bigintcalc
.sty
Package: bigintcalc 2019/12/15 v1.5 Expandable calculations on big integers (HO
)
))
\Fld@menulength=\count326
\Field@Width=\dimen279
\Fld@charsize=\dimen280
Package hyperref Info: Hyper figures OFF on input line 6091.
Package hyperref Info: Link nesting OFF on input line 6096.
Package hyperref Info: Hyper index ON on input line 6099.
Package hyperref Info: backreferencing OFF on input line 6106.
Package hyperref Info: Link coloring OFF on input line 6111.
Package hyperref Info: Link coloring with OCG OFF on input line 6116.
Package hyperref Info: PDF/A mode OFF on input line 6121.
\Hy@abspage=\count327


Package hyperref Message: Stopped early.

)
Package hyperref Info: Driver (autodetected): hxetex.
 (C:\Users\zarif\AppData\Local\Programs\MiKTeX\tex/latex/hyperref\hxetex.def
File: hxetex.def 2026-06-17 v7.01r Hyperref driver for XeTeX
\pdfm@box=\box68
\c@Hy@AnnotLevel=\count328
\HyField@AnnotCount=\count329
\Fld@listcount=\count330
\c@bookmark@seq@number=\count331

(C:\Users\zarif\AppData\Local\Programs\MiKTeX\tex/latex/rerunfilecheck\rerunfil
echeck.sty
Package: rerunfilecheck 2025-06-21 v1.11 Rerun checks for auxiliary files (HO)

(C:\Users\zarif\AppData\Local\Programs\MiKTeX\tex/generic/uniquecounter\uniquec
ounter.sty
Package: uniquecounter 2019/12/15 v1.4 Provide unlimited unique counter (HO)
)
Package uniquecounter Info: New unique counter `rerunfilecheck' on input line 2
84.
))
(C:\Users\zarif\AppData\Local\Programs\MiKTeX\tex/latex/beamer\beamerbaserequir
es.sty
(C:\Users\zarif\AppData\Local\Programs\MiKTeX\tex/latex/beamer\beamerbasecompat
ibility.sty)
(C:\Users\zarif\AppData\Local\Programs\MiKTeX\tex/latex/beamer\beamerbasefont.s
ty (C:\Users\zarif\AppData\Local\Programs\MiKTeX\tex/latex/amsfonts\amssymb.sty
Package: amssymb 2013/01/14 v3.01 AMS font symbols
(C:\Users\zarif\AppData\Local\Programs\MiKTeX\tex/latex/amsfonts\amsfonts.sty
Package: amsfonts 2013/01/14 v3.01 Basic AMSFonts support
\@emptytoks=\toks29
\symAMSa=\mathgroup4
\symAMSb=\mathgroup5
LaTeX Font Info:    Redeclaring math symbol \hbar on input line 98.
LaTeX Font Info:    Overwriting math alphabet `\mathfrak' in version `bold'
(Font)                  U/euf/m/n --> U/euf/b/n on input line 106.
))
(C:\Users\zarif\AppData\Local\Programs\MiKTeX\tex/latex/sansmathaccent\sansmath
accent.sty
Package: sansmathaccent 2020/01/31

(C:\Users\zarif\AppData\Local\Programs\MiKTeX\tex/latex/koma-script\scrlfile.st
y
Package: scrlfile 2026/02/02 v3.49.2 KOMA-Script package (file load hooks)

(C:\Users\zarif\AppData\Local\Programs\MiKTeX\tex/latex/koma-script\scrlfile-ho
ok.sty
Package: scrlfile-hook 2026/02/02 v3.49.2 KOMA-Script package (using LaTeX hook
s)

(C:\Users\zarif\AppData\Local\Programs\MiKTeX\tex/latex/koma-script\scrlogo.sty
Package: scrlogo 2026/02/02 v3.49.2 KOMA-Script package (logo)
)))))
(C:\Users\zarif\AppData\Local\Programs\MiKTeX\tex/latex/beamer\beamerbasetransl
ator.sty
(C:\Users\zarif\AppData\Local\Programs\MiKTeX\tex/latex/translator\translator.s
ty
Package: translator 2021-05-31 v1.12d Easy translation of strings in LaTeX
))
(C:\Users\zarif\AppData\Local\Programs\MiKTeX\tex/latex/beamer\beamerbasemisc.s
ty)
(C:\Users\zarif\AppData\Local\Programs\MiKTeX\tex/latex/beamer\beamerbasetwoscr
eens.sty)
(C:\Users\zarif\AppData\Local\Programs\MiKTeX\tex/latex/beamer\beamerbaseoverla
y.sty
\beamer@argscount=\count332
\beamer@lastskipcover=\skip52
\beamer@trivlistdepth=\count333
)
(C:\Users\zarif\AppData\Local\Programs\MiKTeX\tex/latex/beamer\beamerbasetitle.
sty)
(C:\Users\zarif\AppData\Local\Programs\MiKTeX\tex/latex/beamer\beamerbasesectio
n.sty
\c@lecture=\count334
\c@part=\count335
\c@section=\count336
\c@subsection=\count337
\c@subsubsection=\count338
)
(C:\Users\zarif\AppData\Local\Programs\MiKTeX\tex/latex/beamer\beamerbaseframe.
sty
\beamer@framebox=\box69
\beamer@frametitlebox=\box70
\beamer@zoombox=\box71
\beamer@zoomcount=\count339
\beamer@zoomframecount=\count340
\beamer@frametextheight=\dimen281
\c@subsectionslide=\count341
\beamer@frametopskip=\skip53
\beamer@framebottomskip=\skip54
\beamer@frametopskipautobreak=\skip55
\beamer@framebottomskipautobreak=\skip56
\beamer@envbody=\toks30
\framewidth=\dimen282
\c@framenumber=\count342
)
(C:\Users\zarif\AppData\Local\Programs\MiKTeX\tex/latex/beamer\beamerbaseverbat
im.sty
\beamer@verbatimfileout=\write4
)
(C:\Users\zarif\AppData\Local\Programs\MiKTeX\tex/latex/beamer\beamerbaseframes
ize.sty
\beamer@splitbox=\box72
\beamer@autobreakcount=\count343
\beamer@autobreaklastheight=\dimen283
\beamer@frametitletoks=\toks31
\beamer@framesubtitletoks=\toks32
)
(C:\Users\zarif\AppData\Local\Programs\MiKTeX\tex/latex/beamer\beamerbaseframec
omponents.sty
\beamer@colheight=\skip57
\beamer@footins=\box73
)
(C:\Users\zarif\AppData\Local\Programs\MiKTeX\tex/latex/beamer\beamerbasecolor.
sty)
(C:\Users\zarif\AppData\Local\Programs\MiKTeX\tex/latex/beamer\beamerbasenotes.
sty
\beamer@frameboxcopy=\box74
)
(C:\Users\zarif\AppData\Local\Programs\MiKTeX\tex/latex/beamer\beamerbasetoc.st
y)
(C:\Users\zarif\AppData\Local\Programs\MiKTeX\tex/latex/beamer\beamerbasetempla
tes.sty
\beamer@sbttoks=\toks33

(C:\Users\zarif\AppData\Local\Programs\MiKTeX\tex/latex/beamer\beamerbaseauxtem
plates.sty
(C:\Users\zarif\AppData\Local\Programs\MiKTeX\tex/latex/beamer\beamerbaseboxes.
sty
\bmb@box=\box75
\bmb@colorbox=\box76
\bmb@boxwidth=\dimen284
\bmb@boxheight=\dimen285
\bmb@prevheight=\dimen286
\bmb@temp=\dimen287
\bmb@dima=\dimen288
\bmb@dimb=\dimen289
\bmb@prevheight=\dimen290
)
\beamer@blockheadheight=\dimen291
))
(C:\Users\zarif\AppData\Local\Programs\MiKTeX\tex/latex/beamer\beamerbaselocals
tructure.sty
(C:\Users\zarif\AppData\Local\Programs\MiKTeX\tex/latex/tools\enumerate.sty
Package: enumerate 2023/07/04 v3.00 enumerate extensions (DPC)
\@enLab=\toks34
)
\beamer@bibiconwidth=\skip58
\c@figure=\count344
\c@table=\count345
\abovecaptionskip=\skip59
\belowcaptionskip=\skip60
)
(C:\Users\zarif\AppData\Local\Programs\MiKTeX\tex/latex/beamer\beamerbasenaviga
tion.sty
(C:\Users\zarif\AppData\Local\Programs\MiKTeX\tex/latex/beamer\beamerbasenaviga
tionsymbols.tex)
\beamer@section@min@dim=\dimen292
)
(C:\Users\zarif\AppData\Local\Programs\MiKTeX\tex/latex/beamer\beamerbasetheore
ms.sty
(C:\Users\zarif\AppData\Local\Programs\MiKTeX\tex/latex/amsmath\amsmath.sty
Package: amsmath 2026/05/19 v2.18d AMS math features
\@mathmargin=\skip61

For additional information on amsmath, use the `?' option.
(C:\Users\zarif\AppData\Local\Programs\MiKTeX\tex/latex/amsmath\amstext.sty
Package: amstext 2024/11/17 v2.01 AMS text

(C:\Users\zarif\AppData\Local\Programs\MiKTeX\tex/latex/amsmath\amsgen.sty
File: amsgen.sty 1999/11/30 v2.0 generic functions
\@emptytoks=\toks35
\ex@=\dimen293
))
(C:\Users\zarif\AppData\Local\Programs\MiKTeX\tex/latex/amsmath\amsbsy.sty
Package: amsbsy 1999/11/29 v1.2d Bold Symbols
\pmbraise@=\dimen294
)
(C:\Users\zarif\AppData\Local\Programs\MiKTeX\tex/latex/amsmath\amsopn.sty
Package: amsopn 2022/04/08 v2.04 operator names
)
\inf@bad=\count346
LaTeX Info: Redefining \frac on input line 233.
\uproot@=\count347
\leftroot@=\count348
LaTeX Info: Redefining \overline on input line 398.
LaTeX Info: Redefining \colon on input line 409.
\classnum@=\count349
\DOTSCASE@=\count350
LaTeX Info: Redefining \ldots on input line 495.
LaTeX Info: Redefining \dots on input line 498.
LaTeX Info: Redefining \cdots on input line 619.
\Mathstrutbox@=\box77
\strutbox@=\box78
LaTeX Info: Redefining \big on input line 721.
LaTeX Info: Redefining \Big on input line 722.
LaTeX Info: Redefining \bigg on input line 723.
LaTeX Info: Redefining \Bigg on input line 724.
\big@size=\dimen295
LaTeX Font Info:    Redeclaring font encoding OML on input line 742.
LaTeX Font Info:    Redeclaring font encoding OMS on input line 743.
\macc@depth=\count351
LaTeX Info: Redefining \bmod on input line 904.
LaTeX Info: Redefining \pmod on input line 909.
LaTeX Info: Redefining \smash on input line 939.
LaTeX Info: Redefining \relbar on input line 969.
LaTeX Info: Redefining \Relbar on input line 970.
\c@MaxMatrixCols=\count352
\dotsspace@=\muskip18
\c@parentequation=\count353
\dspbrk@lvl=\count354
\tag@help=\toks36
\row@=\count355
\column@=\count356
\maxfields@=\count357
\andhelp@=\toks37
\eqnshift@=\dimen296
\alignsep@=\dimen297
\tagshift@=\dimen298
\tagwidth@=\dimen299
\totwidth@=\dimen300
\lineht@=\dimen301
\@envbody=\toks38
\multlinegap=\skip62
\multlinetaggap=\skip63
\mathdisplay@stack=\toks39
LaTeX Info: Redefining \[ on input line 2965.
LaTeX Info: Redefining \] on input line 2966.
)
(C:\Users\zarif\AppData\Local\Programs\MiKTeX\tex/latex/amscls\amsthm.sty
Package: amsthm 2020/05/29 v2.20.6
\thm@style=\toks40
\thm@bodyfont=\toks41
\thm@headfont=\toks42
\thm@notefont=\toks43
\thm@headpunct=\toks44
\thm@preskip=\skip64
\thm@postskip=\skip65
\thm@headsep=\skip66
\dth@everypar=\toks45
)
\c@theorem=\count358
)
(C:\Users\zarif\AppData\Local\Programs\MiKTeX\tex/latex/beamer\beamerbasethemes
.sty))
(C:\Users\zarif\AppData\Local\Programs\MiKTeX\tex/latex/beamer\beamerthemedefau
lt.sty
(C:\Users\zarif\AppData\Local\Programs\MiKTeX\tex/latex/beamer\beamerfontthemed
efault.sty)
(C:\Users\zarif\AppData\Local\Programs\MiKTeX\tex/latex/beamer\beamercolortheme
default.sty)
(C:\Users\zarif\AppData\Local\Programs\MiKTeX\tex/latex/beamer\beamerinnertheme
default.sty
\beamer@dima=\dimen302
\beamer@dimb=\dimen303
)
(C:\Users\zarif\AppData\Local\Programs\MiKTeX\tex/latex/beamer\beameroutertheme
default.sty)))
(C:\Users\zarif\AppData\Local\Programs\MiKTeX\tex/latex/ctex\ctex.sty
(C:\Users\zarif\AppData\Local\Programs\MiKTeX\tex/latex/l3kernel\expl3.sty
Package: expl3 2026-07-20 L3 programming layer (loader) 

(C:\Users\zarif\AppData\Local\Programs\MiKTeX\tex/latex/l3backend\l3backend-xet
ex.def
File: l3backend-xetex.def 2026-07-20 L3 backend support: XeTeX
\g__graphics_track_int=\count359
\g__pdfannot_backend_int=\count360
\g__pdfannot_backend_link_int=\count361
))
Package: ctex 2026/07/14 v2.6.4 Chinese adapter in LaTeX (CTEX)

(C:\Users\zarif\AppData\Local\Programs\MiKTeX\tex/latex/ctex\ctexhook.sty
Package: ctexhook 2026/07/13 v2.6.4 Document and package hooks (CTEX)
)
(C:\Users\zarif\AppData\Local\Programs\MiKTeX\tex/latex/ctex\ctexpatch.sty
Package: ctexpatch 2026/07/13 v2.6.4 Patching commands (CTEX)
)
(C:\Users\zarif\AppData\Local\Programs\MiKTeX\tex/latex/base\fix-cm.sty
Package: fix-cm 2020/11/24 v1.1t fixes to LaTeX

(C:\Users\zarif\AppData\Local\Programs\MiKTeX\tex/latex/base\ts1enc.def
File: ts1enc.def 2001/06/05 v3.0e (jk/car/fm) Standard LaTeX file
LaTeX Font Info:    Redeclaring font encoding TS1 on input line 47.
LaTeX Encoding Info:    Redeclaring text command \capitalcedilla (encoding TS1)
 on input line 49.
LaTeX Encoding Info:    Redeclaring text command \capitalogonek (encoding TS1) 
on input line 52.
LaTeX Encoding Info:    Redeclaring text command \capitalgrave (encoding TS1) o
n input line 55.
LaTeX Encoding Info:    Redeclaring text command \capitalacute (encoding TS1) o
n input line 56.
LaTeX Encoding Info:    Redeclaring text command \capitalcircumflex (encoding T
S1) on input line 57.
LaTeX Encoding Info:    Redeclaring text command \capitaltilde (encoding TS1) o
n input line 58.
LaTeX Encoding Info:    Redeclaring text command \capitaldieresis (encoding TS1
) on input line 59.
LaTeX Encoding Info:    Redeclaring text command \capitalhungarumlaut (encoding
 TS1) on input line 60.
LaTeX Encoding Info:    Redeclaring text command \capitalring (encoding TS1) on
 input line 61.
LaTeX Encoding Info:    Redeclaring text command \capitalcaron (encoding TS1) o
n input line 62.
LaTeX Encoding Info:    Redeclaring text command \capitalbreve (encoding TS1) o
n input line 63.
LaTeX Encoding Info:    Redeclaring text command \capitalmacron (encoding TS1) 
on input line 64.
LaTeX Encoding Info:    Redeclaring text command \capitaldotaccent (encoding TS
1) on input line 65.
LaTeX Encoding Info:    Redeclaring text command \t (encoding TS1) on input lin
e 66.
LaTeX Encoding Info:    Redeclaring text command \capitaltie (encoding TS1) on 
input line 67.
LaTeX Encoding Info:    Redeclaring text command \newtie (encoding TS1) on inpu
t line 68.
LaTeX Encoding Info:    Redeclaring text command \capitalnewtie (encoding TS1) 
on input line 69.
LaTeX Encoding Info:    Redeclaring text symbol \textcapitalcompwordmark (encod
ing TS1) on input line 70.
LaTeX Encoding Info:    Redeclaring text symbol \textascendercompwordmark (enco
ding TS1) on input line 71.
LaTeX Encoding Info:    Redeclaring text symbol \textquotestraightbase (encodin
g TS1) on input line 72.
LaTeX Encoding Info:    Redeclaring text symbol \textquotestraightdblbase (enco
ding TS1) on input line 73.
LaTeX Encoding Info:    Redeclaring text symbol \texttwelveudash (encoding TS1)
 on input line 74.
LaTeX Encoding Info:    Redeclaring text symbol \textthreequartersemdash (encod
ing TS1) on input line 75.
LaTeX Encoding Info:    Redeclaring text symbol \textleftarrow (encoding TS1) o
n input line 76.
LaTeX Encoding Info:    Redeclaring text symbol \textrightarrow (encoding TS1) 
on input line 77.
LaTeX Encoding Info:    Redeclaring text symbol \textblank (encoding TS1) on in
put line 78.
LaTeX Encoding Info:    Redeclaring text symbol \textdollar (encoding TS1) on i
nput line 79.
LaTeX Encoding Info:    Redeclaring text symbol \textquotesingle (encoding TS1)
 on input line 80.
LaTeX Encoding Info:    Redeclaring text command \textasteriskcentered (encodin
g TS1) on input line 81.
LaTeX Encoding Info:    Redeclaring text symbol \textdblhyphen (encoding TS1) o
n input line 92.
LaTeX Encoding Info:    Redeclaring text symbol \textfractionsolidus (encoding 
TS1) on input line 93.
LaTeX Encoding Info:    Redeclaring text symbol \textzerooldstyle (encoding TS1
) on input line 94.
LaTeX Encoding Info:    Redeclaring text symbol \textoneoldstyle (encoding TS1)
 on input line 95.
LaTeX Encoding Info:    Redeclaring text symbol \texttwooldstyle (encoding TS1)
 on input line 96.
LaTeX Encoding Info:    Redeclaring text symbol \textthreeoldstyle (encoding TS
1) on input line 97.
LaTeX Encoding Info:    Redeclaring text symbol \textfouroldstyle (encoding TS1
) on input line 98.
LaTeX Encoding Info:    Redeclaring text symbol \textfiveoldstyle (encoding TS1
) on input line 99.
LaTeX Encoding Info:    Redeclaring text symbol \textsixoldstyle (encoding TS1)
 on input line 100.
LaTeX Encoding Info:    Redeclaring text symbol \textsevenoldstyle (encoding TS
1) on input line 101.
LaTeX Encoding Info:    Redeclaring text symbol \texteightoldstyle (encoding TS
1) on input line 102.
LaTeX Encoding Info:    Redeclaring text symbol \textnineoldstyle (encoding TS1
) on input line 103.
LaTeX Encoding Info:    Redeclaring text symbol \textlangle (encoding TS1) on i
nput line 104.
LaTeX Encoding Info:    Redeclaring text symbol \textminus (encoding TS1) on in
put line 105.
LaTeX Encoding Info:    Redeclaring text symbol \textrangle (encoding TS1) on i
nput line 106.
LaTeX Encoding Info:    Redeclaring text symbol \textmho (encoding TS1) on inpu
t line 107.
LaTeX Encoding Info:    Redeclaring text symbol \textbigcircle (encoding TS1) o
n input line 108.
LaTeX Encoding Info:    Redeclaring text command \textcircled (encoding TS1) on
 input line 109.
LaTeX Encoding Info:    Redeclaring text symbol \textohm (encoding TS1) on inpu
t line 115.
LaTeX Encoding Info:    Redeclaring text symbol \textlbrackdbl (encoding TS1) o
n input line 116.
LaTeX Encoding Info:    Redeclaring text symbol \textrbrackdbl (encoding TS1) o
n input line 117.
LaTeX Encoding Info:    Redeclaring text symbol \textuparrow (encoding TS1) on 
input line 118.
LaTeX Encoding Info:    Redeclaring text symbol \textdownarrow (encoding TS1) o
n input line 119.
LaTeX Encoding Info:    Redeclaring text symbol \textasciigrave (encoding TS1) 
on input line 120.
LaTeX Encoding Info:    Redeclaring text symbol \textborn (encoding TS1) on inp
ut line 121.
LaTeX Encoding Info:    Redeclaring text symbol \textdivorced (encoding TS1) on
 input line 122.
LaTeX Encoding Info:    Redeclaring text symbol \textdied (encoding TS1) on inp
ut line 123.
LaTeX Encoding Info:    Redeclaring text symbol \textleaf (encoding TS1) on inp
ut line 124.
LaTeX Encoding Info:    Redeclaring text symbol \textmarried (encoding TS1) on 
input line 125.
LaTeX Encoding Info:    Redeclaring text symbol \textmusicalnote (encoding TS1)
 on input line 126.
LaTeX Encoding Info:    Redeclaring text symbol \texttildelow (encoding TS1) on
 input line 127.
LaTeX Encoding Info:    Redeclaring text symbol \textdblhyphenchar (encoding TS
1) on input line 128.
LaTeX Encoding Info:    Redeclaring text symbol \textasciibreve (encoding TS1) 
on input line 129.
LaTeX Encoding Info:    Redeclaring text symbol \textasciicaron (encoding TS1) 
on input line 130.
LaTeX Encoding Info:    Redeclaring text symbol \textacutedbl (encoding TS1) on
 input line 131.
LaTeX Encoding Info:    Redeclaring text symbol \textgravedbl (encoding TS1) on
 input line 132.
LaTeX Encoding Info:    Redeclaring text symbol \textdagger (encoding TS1) on i
nput line 133.
LaTeX Encoding Info:    Redeclaring text symbol \textdaggerdbl (encoding TS1) o
n input line 134.
LaTeX Encoding Info:    Redeclaring text symbol \textbardbl (encoding TS1) on i
nput line 135.
LaTeX Encoding Info:    Redeclaring text symbol \textperthousand (encoding TS1)
 on input line 136.
LaTeX Encoding Info:    Redeclaring text symbol \textbullet (encoding TS1) on i
nput line 137.
LaTeX Encoding Info:    Redeclaring text symbol \textcelsius (encoding TS1) on 
input line 138.
LaTeX Encoding Info:    Redeclaring text symbol \textdollaroldstyle (encoding T
S1) on input line 139.
LaTeX Encoding Info:    Redeclaring text symbol \textcentoldstyle (encoding TS1
) on input line 140.
LaTeX Encoding Info:    Redeclaring text symbol \textflorin (encoding TS1) on i
nput line 141.
LaTeX Encoding Info:    Redeclaring text symbol \textcolonmonetary (encoding TS
1) on input line 142.
LaTeX Encoding Info:    Redeclaring text symbol \textwon (encoding TS1) on inpu
t line 143.
LaTeX Encoding Info:    Redeclaring text symbol \textnaira (encoding TS1) on in
put line 144.
LaTeX Encoding Info:    Redeclaring text symbol \textguarani (encoding TS1) on 
input line 145.
LaTeX Encoding Info:    Redeclaring text symbol \textpeso (encoding TS1) on inp
ut line 146.
LaTeX Encoding Info:    Redeclaring text symbol \textlira (encoding TS1) on inp
ut line 147.
LaTeX Encoding Info:    Redeclaring text symbol \textrecipe (encoding TS1) on i
nput line 148.
LaTeX Encoding Info:    Redeclaring text symbol \textinterrobang (encoding TS1)
 on input line 149.
LaTeX Encoding Info:    Redeclaring text symbol \textinterrobangdown (encoding 
TS1) on input line 150.
LaTeX Encoding Info:    Redeclaring text symbol \textdong (encoding TS1) on inp
ut line 151.
LaTeX Encoding Info:    Redeclaring text symbol \texttrademark (encoding TS1) o
n input line 152.
LaTeX Encoding Info:    Redeclaring text symbol \textpertenthousand (encoding T
S1) on input line 153.
LaTeX Encoding Info:    Redeclaring text symbol \textpilcrow (encoding TS1) on 
input line 154.
LaTeX Encoding Info:    Redeclaring text symbol \textbaht (encoding TS1) on inp
ut line 155.
LaTeX Encoding Info:    Redeclaring text symbol \textnumero (encoding TS1) on i
nput line 156.
LaTeX Encoding Info:    Redeclaring text symbol \textdiscount (encoding TS1) on
 input line 157.
LaTeX Encoding Info:    Redeclaring text symbol \textestimated (encoding TS1) o
n input line 158.
LaTeX Encoding Info:    Redeclaring text symbol \textopenbullet (encoding TS1) 
on input line 159.
LaTeX Encoding Info:    Redeclaring text symbol \textservicemark (encoding TS1)
 on input line 160.
LaTeX Encoding Info:    Redeclaring text symbol \textlquill (encoding TS1) on i
nput line 161.
LaTeX Encoding Info:    Redeclaring text symbol \textrquill (encoding TS1) on i
nput line 162.
LaTeX Encoding Info:    Redeclaring text symbol \textcent (encoding TS1) on inp
ut line 163.
LaTeX Encoding Info:    Redeclaring text symbol \textsterling (encoding TS1) on
 input line 164.
LaTeX Encoding Info:    Redeclaring text symbol \textcurrency (encoding TS1) on
 input line 165.
LaTeX Encoding Info:    Redeclaring text symbol \textyen (encoding TS1) on inpu
t line 166.
LaTeX Encoding Info:    Redeclaring text symbol \textbrokenbar (encoding TS1) o
n input line 167.
LaTeX Encoding Info:    Redeclaring text symbol \textsection (encoding TS1) on 
input line 168.
LaTeX Encoding Info:    Redeclaring text symbol \textasciidieresis (encoding TS
1) on input line 169.
LaTeX Encoding Info:    Redeclaring text symbol \textcopyright (encoding TS1) o
n input line 170.
LaTeX Encoding Info:    Redeclaring text symbol \textordfeminine (encoding TS1)
 on input line 171.
LaTeX Encoding Info:    Redeclaring text symbol \textcopyleft (encoding TS1) on
 input line 172.
LaTeX Encoding Info:    Redeclaring text symbol \textlnot (encoding TS1) on inp
ut line 173.
LaTeX Encoding Info:    Redeclaring text symbol \textcircledP (encoding TS1) on
 input line 174.
LaTeX Encoding Info:    Redeclaring text symbol \textregistered (encoding TS1) 
on input line 175.
LaTeX Encoding Info:    Redeclaring text symbol \textasciimacron (encoding TS1)
 on input line 176.
LaTeX Encoding Info:    Redeclaring text symbol \textdegree (encoding TS1) on i
nput line 177.
LaTeX Encoding Info:    Redeclaring text symbol \textpm (encoding TS1) on input
 line 178.
LaTeX Encoding Info:    Redeclaring text symbol \texttwosuperior (encoding TS1)
 on input line 179.
LaTeX Encoding Info:    Redeclaring text symbol \textthreesuperior (encoding TS
1) on input line 180.
LaTeX Encoding Info:    Redeclaring text symbol \textasciiacute (encoding TS1) 
on input line 181.
LaTeX Encoding Info:    Redeclaring text symbol \textmu (encoding TS1) on input
 line 182.
LaTeX Encoding Info:    Redeclaring text symbol \textparagraph (encoding TS1) o
n input line 183.
LaTeX Encoding Info:    Redeclaring text symbol \textperiodcentered (encoding T
S1) on input line 184.
LaTeX Encoding Info:    Redeclaring text symbol \textreferencemark (encoding TS
1) on input line 185.
LaTeX Encoding Info:    Redeclaring text symbol \textonesuperior (encoding TS1)
 on input line 186.
LaTeX Encoding Info:    Redeclaring text symbol \textordmasculine (encoding TS1
) on input line 187.
LaTeX Encoding Info:    Redeclaring text symbol \textsurd (encoding TS1) on inp
ut line 188.
LaTeX Encoding Info:    Redeclaring text symbol \textonequarter (encoding TS1) 
on input line 189.
LaTeX Encoding Info:    Redeclaring text symbol \textonehalf (encoding TS1) on 
input line 190.
LaTeX Encoding Info:    Redeclaring text symbol \textthreequarters (encoding TS
1) on input line 191.
LaTeX Encoding Info:    Redeclaring text symbol \texteuro (encoding TS1) on inp
ut line 192.
LaTeX Encoding Info:    Redeclaring text symbol \texttimes (encoding TS1) on in
put line 193.
LaTeX Encoding Info:    Redeclaring text symbol \textdiv (encoding TS1) on inpu
t line 194.
))
\l__ctex_tmp_int=\count362
\l__ctex_tmp_box=\box79
\l__ctex_tmp_dim=\dimen304
\g__ctex_section_depth_int=\count363
\g__ctex_font_size_int=\count364

(C:\Users\zarif\AppData\Local\Programs\MiKTeX\tex/latex/ctex/config\ctexopts.cf
g
File: ctexopts.cfg 2026/07/13 v2.6.4 Option configuration file (CTEX)
)
(C:\Users\zarif\AppData\Local\Programs\MiKTeX\tex/latex/ctex/engine\ctex-engine
-xetex.def
File: ctex-engine-xetex.def 2026/07/15 v2.6.4 XeLaTeX adapter (CTEX)

(C:\Users\zarif\AppData\Local\Programs\MiKTeX\tex/xelatex/xecjk\xeCJK.sty
Package: xeCJK 2026/08/07 v3.10.5 Typesetting CJK scripts with XeLaTeX

(C:\Users\zarif\AppData\Local\Programs\MiKTeX\tex/latex/l3packages/xtemplate\xt
emplate.sty
Package: xtemplate 2025-10-09 L3 Experimental prototype document functions
)
\l__xeCJK_tmp_int=\count365
\l__xeCJK_tmp_box=\box80
\l__xeCJK_tmp_dim=\dimen305
\l__xeCJK_tmp_skip=\skip67
\g__xeCJK_space_factor_int=\count366
\l__xeCJK_begin_int=\count367
\l__xeCJK_end_int=\count368
\c__xeCJK_CJK_class_int=\XeTeXcharclass1
\c__xeCJK_FullLeft_class_int=\XeTeXcharclass2
\c__xeCJK_FullRight_class_int=\XeTeXcharclass3
\c__xeCJK_HalfLeft_class_int=\XeTeXcharclass4
\c__xeCJK_HalfRight_class_int=\XeTeXcharclass5
\c__xeCJK_NormalSpace_class_int=\XeTeXcharclass6
\c__xeCJK_CM_class_int=\XeTeXcharclass7
\c__xeCJK_HangulJamo_class_int=\XeTeXcharclass8
\c__xeCJK_HangulJamoL_class_int=\XeTeXcharclass9
\c__xeCJK_HangulJamoV_class_int=\XeTeXcharclass10
\c__xeCJK_HangulJamoT_class_int=\XeTeXcharclass11
\c__xeCJK_CJStarter_class_int=\XeTeXcharclass12
\c__xeCJK_PoZheHao_class_int=\XeTeXcharclass13
\l__xeCJK_interword_dim=\dimen306
\l__xeCJK_last_skip=\skip68
\c__xeCJK_none_node=\count369
\g__xeCJK_node_int=\count370
\c__xeCJK_CJK_node_dim=\dimen307
\c__xeCJK_CJK-space_node_dim=\dimen308
\c__xeCJK_default_node_dim=\dimen309
\c__xeCJK_CJK-widow_node_dim=\dimen310
\c__xeCJK_normalspace_node_dim=\dimen311
\c__xeCJK_default-space_node_skip=\skip69
\c__xeCJK_math_node_dim=\dimen312
\c__xeCJK_math-space_node_dim=\dimen313
\c__xeCJK_math-space-frozen_node_dim=\dimen314
\g__xeCJK_boundary_capture_depth_int=\count371
\g__xeCJK_boundary_suspend_depth_int=\count372
\g__xeCJK_boundary_capture_1_box=\box81
\g__xeCJK_boundary_capture_2_box=\box82
\g__xeCJK_boundary_capture_3_box=\box83
\l__xeCJK_boundary_post_box=\box84
\l__xeCJK_boundary_math_skip=\skip70
\l__xeCJK_boundary_math_actual_skip=\skip71
\l__xeCJK_boundary_math_ecglue_skip=\skip72
\l__xeCJK_boundary_math_delta_skip=\skip73
\l__xeCJK_boundary_math_space_dim=\dimen315
\l__xeCJK_boundary_math_ecglue_dim=\dimen316
\l__xeCJK_boundary_math_stretch_dim=\dimen317
\l__xeCJK_boundary_math_shrink_dim=\dimen318
\g__xeCJK_boundary_probe_type_int=\count373
\l__xeCJK_boundary_probe_box=\box85
\l__xeCJK_ccglue_skip=\skip74
\l__xeCJK_ecglue_skip=\skip75
\g__xeCJK_par_guard_dim=\dimen319
\l__xeCJK_punct_kern_skip=\skip76
\l__xeCJK_indent_box=\box86
\l__xeCJK_last_penalty_int=\count374
\l__xeCJK_last_bound_dim=\dimen320
\l__xeCJK_last_kern_dim=\dimen321
\l__xeCJK_widow_penalty_int=\count375

LaTeX template Info: Declaring template type 'xeCJK/punctuation' taking 0
(template)           argument(s) on line 4836.

\l__xeCJK_fixed_punct_width_dim=\dimen322
\l__xeCJK_mixed_punct_width_dim=\dimen323
\l__xeCJK_middle_punct_width_dim=\dimen324
\l__xeCJK_fixed_margin_width_dim=\dimen325
\l__xeCJK_mixed_margin_width_dim=\dimen326
\l__xeCJK_middle_margin_width_dim=\dimen327
\l__xeCJK_bound_punct_width_dim=\dimen328
\l__xeCJK_bound_margin_width_dim=\dimen329
\l__xeCJK_margin_minimum_dim=\dimen330
\l__xeCJK_kerning_total_width_dim=\dimen331
\l__xeCJK_same_align_margin_dim=\dimen332
\l__xeCJK_different_align_margin_dim=\dimen333
\l__xeCJK_kerning_margin_width_dim=\dimen334
\l__xeCJK_kerning_margin_minimum_dim=\dimen335
\l__xeCJK_bound_dim=\dimen336
\l__xeCJK_reverse_bound_dim=\dimen337
\l__xeCJK_margin_dim=\dimen338
\l__xeCJK_minimum_bound_dim=\dimen339
\l__xeCJK_kerning_margin_dim=\dimen340
\g__xeCJK_family_int=\count376
\l__xeCJK_fam_int=\count377
\g__xeCJK_fam_allocation_int=\count378
\l__xeCJK_verb_case_int=\count379
\l__xeCJK_verb_exspace_skip=\skip77

(C:\Users\zarif\AppData\Local\Programs\MiKTeX\tex/latex/fontspec\fontspec.sty
(C:\Users\zarif\AppData\Local\Programs\MiKTeX\tex/latex/l3packages/xparse\xpars
e.sty
Package: xparse 2025-10-09 L3 Experimental document command parser
)
Package: fontspec 2025/09/29 v2.9g Font selection for XeLaTeX and LuaLaTeX

(C:\Users\zarif\AppData\Local\Programs\MiKTeX\tex/latex/fontspec\fontspec-xetex
.sty
Package: fontspec-xetex 2025/09/29 v2.9g Font selection for XeLaTeX and LuaLaTe
X
\l__fontspec_script_int=\count380
\l__fontspec_language_int=\count381
\l__fontspec_strnum_int=\count382
\l__fontspec_tmp_int=\count383
\l__fontspec_tmpa_int=\count384
\l__fontspec_tmpb_int=\count385
\l__fontspec_tmpc_int=\count386
\l__fontspec_em_int=\count387
\l__fontspec_emdef_int=\count388
\l__fontspec_strong_int=\count389
\l__fontspec_strongdef_int=\count390
\l__fontspec_tmpa_dim=\dimen341
\l__fontspec_tmpb_dim=\dimen342
\l__fontspec_tmpc_dim=\dimen343
 (C:\Users\zarif\AppData\Local\Programs\MiKTeX\tex/latex/base\fontenc.sty
Package: fontenc 2025/07/18 v2.1d Standard LaTeX package
)
(C:\Users\zarif\AppData\Local\Programs\MiKTeX\tex/latex/fontspec\fontspec.cfg))
)
\l__xeCJK_default_char_int=\count391
 (C:\Users\zarif\AppData\Local\Programs\MiKTeX\tex/xelatex/xecjk\xeCJK.cfg
File: xeCJK.cfg 2026/08/07 v3.10.5 Configuration file for xeCJK package
))
\ccwd=\dimen344
\l__ctex_ccglue_skip=\skip78
)
\l__ctex_ziju_dim=\dimen345

(C:\Users\zarif\AppData\Local\Programs\MiKTeX\tex/latex/zhnumber\zhnumber.sty
Package: zhnumber 2022/07/14 v3.0 Typesetting numbers with Chinese glyphs
\l__zhnum_scale_int=\count392
\l__zhnum_tmp_int=\count393

(C:\Users\zarif\AppData\Local\Programs\MiKTeX\tex/latex/zhnumber\zhnumber-utf8.
cfg
File: zhnumber-utf8.cfg 2022/07/14 v3.0 Chinese numerals with UTF8 encoding
))
(C:\Users\zarif\AppData\Local\Programs\MiKTeX\tex/latex/ctex/scheme\ctex-scheme
-chinese.def
File: ctex-scheme-chinese.def 2026/07/13 v2.6.4 Chinese scheme for generic (CTE
X)

(C:\Users\zarif\AppData\Local\Programs\MiKTeX\tex/latex/ctex/config\ctex-name-u
tf8.cfg
File: ctex-name-utf8.cfg 2026/07/13 v2.6.4 Caption with encoding UTF-8 (CTEX)
))

Package ctex Warning: CTeX fontset `windowsnew' is deprecated.
(ctex)                Fontset `windows' will be used instead.


(C:\Users\zarif\AppData\Local\Programs\MiKTeX\tex/latex/ctex/fontset\ctex-fonts
et-windows.def
File: ctex-fontset-windows.def 2026/07/22 v2.6.4 Windows fonts definition (CTEX
)

Package fontspec Info: 
(fontspec)             Could not resolve font "KaiTi/B" (it probably doesn't
(fontspec)             exist).


Package fontspec Info: 
(fontspec)             Could not resolve font "SimHei/I" (it probably doesn't
(fontspec)             exist).


Package fontspec Info: 
(fontspec)             Could not resolve font "SimSun/BI" (it probably doesn't
(fontspec)             exist).



! Package fontspec Error: 
(fontspec)                The font "SimHei" cannot be found; this may be but
(fontspec)                usually is not a fontspec bug. Either there is a
(fontspec)                typo in the font name/file, the font is not
(fontspec)                installed (correctly), or there is a bug in the
(fontspec)                underlying font loading engine (XeTeX/luaotfload).

For immediate help type H <return>.
 ...                                              
                                                  
l.98   }
        

A font might not be found for many reasons.
 Check the spelling, where the font is installed etc. etc.

 When in doubt, ask someone for help!



! Package fontspec Error: 
(fontspec)                The font "SimHei" cannot be found; this may be but
(fontspec)                usually is not a fontspec bug. Either there is a
(fontspec)                typo in the font name/file, the font is not
(fontspec)                installed (correctly), or there is a bug in the
(fontspec)                underlying font loading engine (XeTeX/luaotfload).

For immediate help type H <return>.
 ...                                              
                                                  
l.98   }
        

A font might not be found for many reasons.
 Check the spelling, where the font is installed etc. etc.

 When in doubt, ask someone for help!


! Cannot use \XeTeXOTcountfeatures with nullfont; not an OpenType Layout font.
<argument> \XeTeXOTcountfeatures \l_fontspec_font 
                                                  \l__fontspec_script_int \l...
l.98   }
        

! Cannot use \XeTeXOTfeaturetag with nullfont; not an OpenType Layout font.
<argument> ...\XeTeXOTfeaturetag \l_fontspec_font 
                                                  \l__fontspec_script_int \l...
l.98   }
        

! Missing = inserted for \ifnum.
<to be read again> 
                   \l__fontspec_script_int 
l.98   }
        
I was expecting to see `<', `=', or `>'. Didn't.

! Cannot use \XeTeXOTfeaturetag with nullfont; not an OpenType Layout font.
<argument> ...\XeTeXOTfeaturetag \l_fontspec_font 
                                                  \l__fontspec_script_int \l...
l.98   }
        

! Missing = inserted for \ifnum.
<to be read again> 
                   \l__fontspec_script_int 
l.98   }
        
I was expecting to see `<', `=', or `>'. Didn't.

! Cannot use \XeTeXOTfeaturetag with nullfont; not an OpenType Layout font.
<argument> ...\XeTeXOTfeaturetag \l_fontspec_font 
                                                  \l__fontspec_script_int \l...
l.98   }
        

! Missing = inserted for \ifnum.
<to be read again> 
                   \l__fontspec_script_int 
l.98   }
        
I was expecting to see `<', `=', or `>'. Didn't.

! Cannot use \XeTeXOTfeaturetag with nullfont; not an OpenType Layout font.
<argument> ...\XeTeXOTfeaturetag \l_fontspec_font 
                                                  \l__fontspec_script_int \l...
l.98   }
        

! Missing = inserted for \ifnum.
<to be read again> 
                   \l__fontspec_script_int 
l.98   }
        
I was expecting to see `<', `=', or `>'. Didn't.

! Cannot use \XeTeXOTfeaturetag with nullfont; not an OpenType Layout font.
<argument> ...\XeTeXOTfeaturetag \l_fontspec_font 
                                                  \l__fontspec_script_int \l...
l.98   }
        

! Missing = inserted for \ifnum.
<to be read again> 
                   \l__fontspec_script_int 
l.98   }
        
I was expecting to see `<', `=', or `>'. Didn't.

! Cannot use \XeTeXOTfeaturetag with nullfont; not an OpenType Layout font.
<argument> ...\XeTeXOTfeaturetag \l_fontspec_font 
                                                  \l__fontspec_script_int \l...
l.98   }
        

! Missing = inserted for \ifnum.
<to be read again> 
                   \l__fontspec_script_int 
l.98   }
        
I was expecting to see `<', `=', or `>'. Didn't.

! Cannot use \XeTeXOTfeaturetag with nullfont; not an OpenType Layout font.
<argument> ...\XeTeXOTfeaturetag \l_fontspec_font 
                                                  \l__fontspec_script_int \l...
l.98   }
        

! Missing = inserted for \ifnum.
<to be read again> 
                   \l__fontspec_script_int 
l.98   }
        
I was expecting to see `<', `=', or `>'. Didn't.

! Cannot use \XeTeXOTfeaturetag with nullfont; not an OpenType Layout font.
<argument> ...\XeTeXOTfeaturetag \l_fontspec_font 
                                                  \l__fontspec_script_int \l...
l.98   }
        

! Missing = inserted for \ifnum.
<to be read again> 
                   \l__fontspec_script_int 
l.98   }
        
I was expecting to see `<', `=', or `>'. Didn't.

! Cannot use \XeTeXOTfeaturetag with nullfont; not an OpenType Layout font.
<argument> ...\XeTeXOTfeaturetag \l_fontspec_font 
                                                  \l__fontspec_script_int \l...
l.98   }
        

! Missing = inserted for \ifnum.
<to be read again> 
                   \l__fontspec_script_int 
l.98   }
        
I was expecting to see `<', `=', or `>'. Didn't.

! Cannot use \XeTeXOTfeaturetag with nullfont; not an OpenType Layout font.
<argument> ...\XeTeXOTfeaturetag \l_fontspec_font 
                                                  \l__fontspec_script_int \l...
l.98   }
        

! Missing = inserted for \ifnum.
<to be read again> 
                   \l__fontspec_script_int 
l.98   }
        
I was expecting to see `<', `=', or `>'. Didn't.

! Cannot use \XeTeXOTfeaturetag with nullfont; not an OpenType Layout font.
<argument> ...\XeTeXOTfeaturetag \l_fontspec_font 
                                                  \l__fontspec_script_int \l...
l.98   }
        

! Missing = inserted for \ifnum.
<to be read again> 
                   \l__fontspec_script_int 
l.98   }
        
I was expecting to see `<', `=', or `>'. Didn't.

! Cannot use \XeTeXOTfeaturetag with nullfont; not an OpenType Layout font.
<argument> ...\XeTeXOTfeaturetag \l_fontspec_font 
                                                  \l__fontspec_script_int \l...
l.98   }
        

! Missing = inserted for \ifnum.
<to be read again> 
                   \l__fontspec_script_int 
l.98   }
        
I was expecting to see `<', `=', or `>'. Didn't.

! Cannot use \XeTeXOTfeaturetag with nullfont; not an OpenType Layout font.
<argument> ...\XeTeXOTfeaturetag \l_fontspec_font 
                                                  \l__fontspec_script_int \l...
l.98   }
        

! Missing = inserted for \ifnum.
<to be read again> 
                   \l__fontspec_script_int 
l.98   }
        
I was expecting to see `<', `=', or `>'. Didn't.

! Cannot use \XeTeXOTfeaturetag with nullfont; not an OpenType Layout font.
<argument> ...\XeTeXOTfeaturetag \l_fontspec_font 
                                                  \l__fontspec_script_int \l...
l.98   }
        

! Missing = inserted for \ifnum.
<to be read again> 
                   \l__fontspec_script_int 
l.98   }
        
I was expecting to see `<', `=', or `>'. Didn't.

! Cannot use \XeTeXOTfeaturetag with nullfont; not an OpenType Layout font.
<argument> ...\XeTeXOTfeaturetag \l_fontspec_font 
                                                  \l__fontspec_script_int \l...
l.98   }
        

! Missing = inserted for \ifnum.
<to be read again> 
                   \l__fontspec_script_int 
l.98   }
        
I was expecting to see `<', `=', or `>'. Didn't.

! Cannot use \XeTeXOTfeaturetag with nullfont; not an OpenType Layout font.
<argument> ...\XeTeXOTfeaturetag \l_fontspec_font 
                                                  \l__fontspec_script_int \l...
l.98   }
        

! Missing = inserted for \ifnum.
<to be read again> 
                   \l__fontspec_script_int 
l.98   }
        
I was expecting to see `<', `=', or `>'. Didn't.

! Cannot use \XeTeXOTfeaturetag with nullfont; not an OpenType Layout font.
<argument> ...\XeTeXOTfeaturetag \l_fontspec_font 
                                                  \l__fontspec_script_int \l...
l.98   }
        

! Missing = inserted for \ifnum.
<to be read again> 
                   \l__fontspec_script_int 
l.98   }
        
I was expecting to see `<', `=', or `>'. Didn't.

! Cannot use \XeTeXOTfeaturetag with nullfont; not an OpenType Layout font.
<argument> ...\XeTeXOTfeaturetag \l_fontspec_font 
                                                  \l__fontspec_script_int \l...
l.98   }
        

! Missing = inserted for \ifnum.
<to be read again> 
                   \l__fontspec_script_int 
l.98   }
        
I was expecting to see `<', `=', or `>'. Didn't.

! Cannot use \XeTeXOTfeaturetag with nullfont; not an OpenType Layout font.
<argument> ...\XeTeXOTfeaturetag \l_fontspec_font 
                                                  \l__fontspec_script_int \l...
l.98   }
        

! Missing = inserted for \ifnum.
<to be read again> 
                   \l__fontspec_script_int 
l.98   }
        
I was expecting to see `<', `=', or `>'. Didn't.

! Cannot use \XeTeXOTfeaturetag with nullfont; not an OpenType Layout font.
<argument> ...\XeTeXOTfeaturetag \l_fontspec_font 
                                                  \l__fontspec_script_int \l...
l.98   }
        

! Missing = inserted for \ifnum.
<to be read again> 
                   \l__fontspec_script_int 
l.98   }
        
I was expecting to see `<', `=', or `>'. Didn't.

! Cannot use \XeTeXOTfeaturetag with nullfont; not an OpenType Layout font.
<argument> ...\XeTeXOTfeaturetag \l_fontspec_font 
                                                  \l__fontspec_script_int \l...
l.98   }
        

! Missing = inserted for \ifnum.
<to be read again> 
                   \l__fontspec_script_int 
l.98   }
        
I was expecting to see `<', `=', or `>'. Didn't.

! Cannot use \XeTeXOTfeaturetag with nullfont; not an OpenType Layout font.
<argument> ...\XeTeXOTfeaturetag \l_fontspec_font 
                                                  \l__fontspec_script_int \l...
l.98   }
        

! Missing = inserted for \ifnum.
<to be read again> 
                   \l__fontspec_script_int 
l.98   }
        
I was expecting to see `<', `=', or `>'. Didn't.

! Cannot use \XeTeXOTfeaturetag with nullfont; not an OpenType Layout font.
<argument> ...\XeTeXOTfeaturetag \l_fontspec_font 
                                                  \l__fontspec_script_int \l...
l.98   }
        

! Missing = inserted for \ifnum.
<to be read again> 
                   \l__fontspec_script_int 
l.98   }
        
I was expecting to see `<', `=', or `>'. Didn't.

! Cannot use \XeTeXOTfeaturetag with nullfont; not an OpenType Layout font.
<argument> ...\XeTeXOTfeaturetag \l_fontspec_font 
                                                  \l__fontspec_script_int \l...
l.98   }
        

! Missing = inserted for \ifnum.
<to be read again> 
                   \l__fontspec_script_int 
l.98   }
        
I was expecting to see `<', `=', or `>'. Didn't.

! Cannot use \XeTeXOTfeaturetag with nullfont; not an OpenType Layout font.
<argument> ...\XeTeXOTfeaturetag \l_fontspec_font 
                                                  \l__fontspec_script_int \l...
l.98   }
        

! Missing = inserted for \ifnum.
<to be read again> 
                   \l__fontspec_script_int 
l.98   }
        
I was expecting to see `<', `=', or `>'. Didn't.

! Cannot use \XeTeXOTfeaturetag with nullfont; not an OpenType Layout font.
<argument> ...\XeTeXOTfeaturetag \l_fontspec_font 
                                                  \l__fontspec_script_int \l...
l.98   }
        

! Missing = inserted for \ifnum.
<to be read again> 
                   \l__fontspec_script_int 
l.98   }
        
I was expecting to see `<', `=', or `>'. Didn't.

! Cannot use \XeTeXOTfeaturetag with nullfont; not an OpenType Layout font.
<argument> ...\XeTeXOTfeaturetag \l_fontspec_font 
                                                  \l__fontspec_script_int \l...
l.98   }
        

! Missing = inserted for \ifnum.
<to be read again> 
                   \l__fontspec_script_int 
l.98   }
        
I was expecting to see `<', `=', or `>'. Didn't.

! Cannot use \XeTeXOTfeaturetag with nullfont; not an OpenType Layout font.
<argument> ...\XeTeXOTfeaturetag \l_fontspec_font 
                                                  \l__fontspec_script_int \l...
l.98   }
        

! Missing = inserted for \ifnum.
<to be read again> 
                   \l__fontspec_script_int 
l.98   }
        
I was expecting to see `<', `=', or `>'. Didn't.

! Cannot use \XeTeXOTfeaturetag with nullfont; not an OpenType Layout font.
<argument> ...\XeTeXOTfeaturetag \l_fontspec_font 
                                                  \l__fontspec_script_int \l...
l.98   }
        

! Missing = inserted for \ifnum.
<to be read again> 
                   \l__fontspec_script_int 
l.98   }
        
I was expecting to see `<', `=', or `>'. Didn't.

! Cannot use \XeTeXOTfeaturetag with nullfont; not an OpenType Layout font.
<argument> ...\XeTeXOTfeaturetag \l_fontspec_font 
                                                  \l__fontspec_script_int \l...
l.98   }
        

! Missing = inserted for \ifnum.
<to be read again> 
                   \l__fontspec_script_int 
l.98   }
        
I was expecting to see `<', `=', or `>'. Didn't.

! Cannot use \XeTeXOTfeaturetag with nullfont; not an OpenType Layout font.
<argument> ...\XeTeXOTfeaturetag \l_fontspec_font 
                                                  \l__fontspec_script_int \l...
l.98   }
        

! Missing = inserted for \ifnum.
<to be read again> 
                   \l__fontspec_script_int 
l.98   }
        
I was expecting to see `<', `=', or `>'. Didn't.

! Cannot use \XeTeXOTfeaturetag with nullfont; not an OpenType Layout font.
<argument> ...\XeTeXOTfeaturetag \l_fontspec_font 
                                                  \l__fontspec_script_int \l...
l.98   }
        

! Missing = inserted for \ifnum.
<to be read again> 
                   \l__fontspec_script_int 
l.98   }
        
I was expecting to see `<', `=', or `>'. Didn't.

! Cannot use \XeTeXOTfeaturetag with nullfont; not an OpenType Layout font.
<argument> ...\XeTeXOTfeaturetag \l_fontspec_font 
                                                  \l__fontspec_script_int \l...
l.98   }
        

! Missing = inserted for \ifnum.
<to be read again> 
                   \l__fontspec_script_int 
l.98   }
        
I was expecting to see `<', `=', or `>'. Didn't.

! Cannot use \XeTeXOTfeaturetag with nullfont; not an OpenType Layout font.
<argument> ...\XeTeXOTfeaturetag \l_fontspec_font 
                                                  \l__fontspec_script_int \l...
l.98   }
        

! Missing = inserted for \ifnum.
<to be read again> 
                   \l__fontspec_script_int 
l.98   }
        
I was expecting to see `<', `=', or `>'. Didn't.

! Cannot use \XeTeXOTfeaturetag with nullfont; not an OpenType Layout font.
<argument> ...\XeTeXOTfeaturetag \l_fontspec_font 
                                                  \l__fontspec_script_int \l...
l.98   }
        

! Missing = inserted for \ifnum.
<to be read again> 
                   \l__fontspec_script_int 
l.98   }
        
I was expecting to see `<', `=', or `>'. Didn't.

! Cannot use \XeTeXOTfeaturetag with nullfont; not an OpenType Layout font.
<argument> ...\XeTeXOTfeaturetag \l_fontspec_font 
                                                  \l__fontspec_script_int \l...
l.98   }
        

! Missing = inserted for \ifnum.
<to be read again> 
                   \l__fontspec_script_int 
l.98   }
        
I was expecting to see `<', `=', or `>'. Didn't.

! Cannot use \XeTeXOTfeaturetag with nullfont; not an OpenType Layout font.
<argument> ...\XeTeXOTfeaturetag \l_fontspec_font 
                                                  \l__fontspec_script_int \l...
l.98   }
        

! Missing = inserted for \ifnum.
<to be read again> 
                   \l__fontspec_script_int 
l.98   }
        
I was expecting to see `<', `=', or `>'. Didn't.

! Cannot use \XeTeXOTfeaturetag with nullfont; not an OpenType Layout font.
<argument> ...\XeTeXOTfeaturetag \l_fontspec_font 
                                                  \l__fontspec_script_int \l...
l.98   }
        

! Missing = inserted for \ifnum.
<to be read again> 
                   \l__fontspec_script_int 
l.98   }
        
I was expecting to see `<', `=', or `>'. Didn't.

! Cannot use \XeTeXOTfeaturetag with nullfont; not an OpenType Layout font.
<argument> ...\XeTeXOTfeaturetag \l_fontspec_font 
                                                  \l__fontspec_script_int \l...
l.98   }
        

! Missing = inserted for \ifnum.
<to be read again> 
                   \l__fontspec_script_int 
l.98   }
        
I was expecting to see `<', `=', or `>'. Didn't.

! Cannot use \XeTeXOTfeaturetag with nullfont; not an OpenType Layout font.
<argument> ...\XeTeXOTfeaturetag \l_fontspec_font 
                                                  \l__fontspec_script_int \l...
l.98   }
        

! Missing = inserted for \ifnum.
<to be read again> 
                   \l__fontspec_script_int 
l.98   }
        
I was expecting to see `<', `=', or `>'. Didn't.

! Cannot use \XeTeXOTfeaturetag with nullfont; not an OpenType Layout font.
<argument> ...\XeTeXOTfeaturetag \l_fontspec_font 
                                                  \l__fontspec_script_int \l...
l.98   }
        

! Missing = inserted for \ifnum.
<to be read again> 
                   \l__fontspec_script_int 
l.98   }
        
I was expecting to see `<', `=', or `>'. Didn't.

! Cannot use \XeTeXOTfeaturetag with nullfont; not an OpenType Layout font.
<argument> ...\XeTeXOTfeaturetag \l_fontspec_font 
                                                  \l__fontspec_script_int \l...
l.98   }
        

! Missing = inserted for \ifnum.
<to be read again> 
                   \l__fontspec_script_int 
l.98   }
        
I was expecting to see `<', `=', or `>'. Didn't.

! Cannot use \XeTeXOTfeaturetag with nullfont; not an OpenType Layout font.
<argument> ...\XeTeXOTfeaturetag \l_fontspec_font 
                                                  \l__fontspec_script_int \l...
l.98   }
        

! Missing = inserted for \ifnum.
<to be read again> 
                   \l__fontspec_script_int 
l.98   }
        
I was expecting to see `<', `=', or `>'. Didn't.

! Cannot use \XeTeXOTfeaturetag with nullfont; not an OpenType Layout font.
<argument> ...\XeTeXOTfeaturetag \l_fontspec_font 
                                                  \l__fontspec_script_int \l...
l.98   }
        

! Missing = inserted for \ifnum.
<to be read again> 
                   \l__fontspec_script_int 
l.98   }
        
I was expecting to see `<', `=', or `>'. Didn't.

! Cannot use \XeTeXOTfeaturetag with nullfont; not an OpenType Layout font.
<argument> ...\XeTeXOTfeaturetag \l_fontspec_font 
                                                  \l__fontspec_script_int \l...
l.98   }
        

! Missing = inserted for \ifnum.
<to be read again> 
                   \l__fontspec_script_int 
l.98   }
        
I was expecting to see `<', `=', or `>'. Didn't.

! Cannot use \XeTeXOTfeaturetag with nullfont; not an OpenType Layout font.
<argument> ...\XeTeXOTfeaturetag \l_fontspec_font 
                                                  \l__fontspec_script_int \l...
l.98   }
        

! Missing = inserted for \ifnum.
<to be read again> 
                   \l__fontspec_script_int 
l.98   }
        
I was expecting to see `<', `=', or `>'. Didn't.

! Cannot use \XeTeXOTfeaturetag with nullfont; not an OpenType Layout font.
<argument> ...\XeTeXOTfeaturetag \l_fontspec_font 
                                                  \l__fontspec_script_int \l...
l.98   }
        

! Missing = inserted for \ifnum.
<to be read again> 
                   \l__fontspec_script_int 
l.98   }
        
I was expecting to see `<', `=', or `>'. Didn't.

! Cannot use \XeTeXOTfeaturetag with nullfont; not an OpenType Layout font.
<argument> ...\XeTeXOTfeaturetag \l_fontspec_font 
                                                  \l__fontspec_script_int \l...
l.98   }
        

! Missing = inserted for \ifnum.
<to be read again> 
                   \l__fontspec_script_int 
l.98   }
        
I was expecting to see `<', `=', or `>'. Didn't.

! Cannot use \XeTeXOTfeaturetag with nullfont; not an OpenType Layout font.
<argument> ...\XeTeXOTfeaturetag \l_fontspec_font 
                                                  \l__fontspec_script_int \l...
l.98   }
        
(That makes 100 errors; please try again.) 
Here is how much of TeX's memory you used:
 26104 strings out of 402620
 568061 string characters out of 5438883
 1005714 words of memory out of 5000000
 54778 multiletter control sequences out of 15000+600000
 629427 words of font info for 50 fonts, out of 8000000 for 9000
 1348 hyphenation exceptions out of 8191
 132i,0n,126p,498b,335s stack positions out of 10000i,1000n,20000p,200000b,200000s

No pages of output.
